---
source: crates/milli/src/update/index_documents/mod.rs
---
0                [1, ]
1                [2, ]
10               [1, ]
1344             [3, ]
2                [0, ]
25               [2, ]
3                [0, ]
4                [4, ]
42               [5, ]
456              [1, ]
5                [0, ]
99               [2, ]
adams            [5, ]
adventure        [1, ]
alice            [2, ]
and              [0, 4, ]
antoine          [1, ]
austin           [0, ]
blood            [4, ]
carroll          [2, ]
de               [1, ]
douglas          [5, ]
exupery          [1, ]
fantasy          [2, 3, 4, ]
galaxy           [5, ]
guide            [5, ]
half             [4, ]
harry            [4, ]
hitchhiker       [5, ]
hobbit           [3, ]
in               [2, ]
j                [3, 4, ]
jane             [0, ]
k                [4, ]
le               [1, ]
lewis            [2, ]
petit            [1, ]
potter           [4, ]
prejudice        [0, ]
pride            [0, ]
prince           [1, 4, ]
r                [3, ]
romance          [0, ]
rowling          [4, ]
s                [5, ]
saint            [1, ]
the              [3, 4, 5, ]
to               [5, ]
tolkien          [3, ]
wonderland       [2, ]
