---
source: milli/src/update/index_documents/mod.rs
---
2   0  2.2    1  [21, ]

