---
source: crates/milli/src/update/index_documents/mod.rs
---
1                [1, 2, 3, 4, 5, 6, 7, 8, 9, 10, 11, 12, 13, 14, 15, 16, 17, 18, 19, 21, ]
2                [21, ]
36               [3, ]
37               [4, ]
38               [5, ]
39               [6, ]
40               [7, ]
41               [8, ]
42               [9, ]
43               [10, ]
44               [11, ]
45               [12, ]
46               [13, ]
47               [14, ]
5                [1, ]
52               [15, ]
57               [16, ]
58               [17, ]
68               [18, ]
69               [19, ]
7                [2, ]
71               [21, ]
abstract         [2, 6, 10, 13, 14, 15, 16, 17, ]
aquarium         [5, ]
art              [4, 5, 8, 9, 10, 12, 17, ]
cartoon          [2, 7, 15, 17, ]
colorfulness     [13, ]
design           [2, 18, 21, ]
drawing          [3, 4, 5, 8, 10, 11, 16, ]
geometry         [19, ]
letter           [1, ]
outdoor          [4, ]
painting         [3, ]
pattern          [2, 3, 9, 10, 13, 14, 16, ]
