---
source: crates/milli/src/test_index.rs
---
[0, ]
