---
source: crates/milli/src/test_index.rs
---
[]
