---
source: milli/src/update/index_documents/mod.rs
---
[2, ]
