---
source: milli/src/update/index_documents/mod.rs
---
benoit           [2, ]

