---
source: milli/src/search/new/tests/words_tms.rs
expression: "format!(\"{document_scores:#?}\")"
---
[
    [
        Words(
            Words {
                matching_words: 9,
                max_matching_words: 9,
            },
        ),
        Proximity(
            Rank {
                rank: 19,
                max_rank: 19,
            },
        ),
    ],
    [
        Words(
            Words {
                matching_words: 9,
                max_matching_words: 9,
            },
        ),
        Proximity(
            Rank {
                rank: 19,
                max_rank: 19,
            },
        ),
    ],
    [
        Words(
            Words {
                matching_words: 9,
                max_matching_words: 9,
            },
        ),
        Proximity(
            Rank {
                rank: 18,
                max_rank: 19,
            },
        ),
    ],
    [
        Words(
            Words {
                matching_words: 9,
                max_matching_words: 9,
            },
        ),
        Proximity(
            Rank {
                rank: 18,
                max_rank: 19,
            },
        ),
    ],
    [
        Words(
            Words {
                matching_words: 9,
                max_matching_words: 9,
            },
        ),
        Proximity(
            Rank {
                rank: 17,
                max_rank: 19,
            },
        ),
    ],
    [
        Words(
            Words {
                matching_words: 9,
                max_matching_words: 9,
            },
        ),
        Proximity(
            Rank {
                rank: 14,
                max_rank: 19,
            },
        ),
    ],
    [
        Words(
            Words {
                matching_words: 9,
                max_matching_words: 9,
            },
        ),
        Proximity(
            Rank {
                rank: 13,
                max_rank: 19,
            },
        ),
    ],
    [
        Words(
            Words {
                matching_words: 8,
                max_matching_words: 9,
            },
        ),
        Proximity(
            Rank {
                rank: 16,
                max_rank: 16,
            },
        ),
    ],
    [
        Words(
            Words {
                matching_words: 7,
                max_matching_words: 9,
            },
        ),
        Proximity(
            Rank {
                rank: 13,
                max_rank: 13,
            },
        ),
    ],
    [
        Words(
            Words {
                matching_words: 7,
                max_matching_words: 9,
            },
        ),
        Proximity(
            Rank {
                rank: 10,
                max_rank: 13,
            },
        ),
    ],
    [
        Words(
            Words {
                matching_words: 5,
                max_matching_words: 9,
            },
        ),
        Proximity(
            Rank {
                rank: 7,
                max_rank: 7,
            },
        ),
    ],
]
