---
source: milli/src/search/new/tests/typo_proximity.rs
expression: "format!(\"{document_scores:#?}\")"
---
[
    [
        Typo(
            Typo {
                typo_count: 0,
                max_typo_count: 3,
            },
        ),
        Proximity(
            Rank {
                rank: 4,
                max_rank: 4,
            },
        ),
    ],
    [
        Typo(
            Typo {
                typo_count: 0,
                max_typo_count: 3,
            },
        ),
        Proximity(
            Rank {
                rank: 1,
                max_rank: 4,
            },
        ),
    ],
    [
        Typo(
            Typo {
                typo_count: 1,
                max_typo_count: 3,
            },
        ),
        Proximity(
            Rank {
                rank: 4,
                max_rank: 4,
            },
        ),
    ],
    [
        Typo(
            Typo {
                typo_count: 1,
                max_typo_count: 3,
            },
        ),
        Proximity(
            Rank {
                rank: 3,
                max_rank: 4,
            },
        ),
    ],
]
